work2 Q105543609 1182 9.0s
work2 Q7889 1971 16.1s
work2 Q5398426 83 5.6s
work Q3305213 FAIL HTTP 504 upstream request timeout
work Q7725634 FAIL HTTP 504 upstream request timeout
work Q8261 0 2.5s
work Q25379 0 0.4s
work Q1344 0 0.4s
work Q207628 0 0.4s
work Q11424 10635 197.3s
work Q860861 63 2.8s
work Q482994 2311 51.6s
knowledge Q3918 1804 3.0s
knowledge Q7075 146 2.6s
knowledge Q33506 1408 3.0s
knowledge Q207694 951 6.3s
knowledge Q11032 521 3.5s
knowledge Q1254933 165 0.7s
knowledge Q16917 160 5.8s
knowledge Q5633421 297 8.8s
knowledge Q5292 0 0.5s
knowledge Q172754 11 0.3s
knowledge Q1664720 57 1.0s
building Q2977 299 1.8s
building Q16560 287 5.6s
building Q12280 71 2.6s
building Q12518 46 1.1s
building Q11303 711 1.4s
building Q23413 123 3.1s
building Q32815 557 12.4s
building Q44539 24 0.6s
building Q4989906 227 9.9s
building Q12323 118 1.2s
building Q483110 864 1.5s
building Q12284 34 4.6s
treaty Q131569 1024 4.8s
treaty Q625298 355 1.0s
treaty Q7755 226 0.8s
treaty Q1464916 60 0.5s
treaty Q1219394 56 0.7s
Q3305213 candidats 445 datés gardés 355 78s
Q7725634 candidats 2288 datés gardés 1748 22s
proust [ '1906-01-01T00:00:00Z' ] total 15112
election 4771 9.9s
law 1547 17.2s
city 1306 4.5s
company 4005 107.6s
violence 104 0.7s
violence 601 1.2s
violence 124 0.7s
violence 1315 1.7s
