historical states kept 140 of 377
inceptions 197
offices 512
terms 10998 US 51 open 514
label calls 43
terms dropped as unknown holders of a well-known office 10
leaders 10988 open 380 no French name 197
US George W. Bush 2001-2009 | Barack Obama 2009-2017 | Donald Trump 2017-2021 | Joe Biden 2021-2025 | Donald Trump 2025-?
periods 70 guerres franco-anglaises 1109-1815 [5] ; guerres ottomanes en Europe 1354-1683 [21] ; guerre vénéto-ottomane 1396-1718 [3] ; Guerres lituano-moscovites 1487-1583 [3] ; guerres d'Italie 1494-1559 [6] ; guerres ottomano-persanes 1514-1823 [9] ; Ottoman Wars in Asia 1515-1517 [2] ; guerres indiennes du Mexique 1519-1933 [7] ; guerres de religion en Europe 1524-1697 [22] ; guerres ottomano-habsbourgeoises 1526-1791 [11] ; Ottoman–Portuguese confrontations 1538-1718 [2] ; conflits entre la régence d'Alger et les dynasties chérifiennes 1550-1795 [2] ; Guerres austro-turques 1551-1791 [4] ; Guerre russo-suédoise 1554-1809 [6] ; guerres de Religion en France 1562-1598 [3] ; guerre russo-turque 1568-1918 [9] ; guerre de Quatre-Vingts Ans 1568-1648 [4] ; Guerre suédo-polonaise 1598-1629 [5] ; guerre polono-suédoise 1600-1629 [3] ; guerres indiennes 1609-1924 [30] ; guerre de Trente Ans 1618-1648 [8] ; guerres algéro-tunisiennes 1628-1813 [5] ; guerres polono-turques 1633-1699 [4] ; guerres des Trois Royaumes 1638-1651 [7] ; première révolution anglaise 1642-1651 [3] ; guerres russo-persanes 1651-1828 [3] ; guerres anglo-néerlandaises 1652-1784 [4] ; première guerre du Nord 1655-1660 [3] ; guerre de la Ligue d'Augsbourg 1688-1697 [2] ; guerres intercoloniales 1688-1763 [3] ; guerre de Succession d'Espagne 1701-1714 [4] ; guerre de Succession d'Autriche 1740-1748 [4] ; guerre de Sept Ans 1756-1763 [8] ; guerres du Mysore 1767-1799 [3] ; guerres xhosas 1779-1879 [2] ; guerres de la Révolution française 1792-1802 [13] ; guerres de coalition 1792-1815 [10] ; Première Coalition 1792-1797 [2] ; guerres napoléoniennes 1803-1815 [15] ; Russo-Iranian Wars 1804-1828 [2] ; Guerres d'indépendance hispano-américaines 1808-1833 [10] ; guerres d'independence   latino-américaines 1808-1824 [12] ; Platine Wars 1810-1870 [4] ; Texas–Indian Wars 1820-1882 [5] ; guerres anglo-ashanti 1823-1900 [2] ; guerres anglo-birmanes 1824-1886 [2] ; guerres carlistes 1833-1876 [3] ; guerre de l'opium 1839-1860 [2] ; guerres anglo-afghanes 1839-1880 [2] ; guerres apaches 1849-1924 [2] ; guerres des Sioux 1854-1891 [4] ; guerres balkaniques 1912-1913 [2] ; Première Guerre mondiale 1914-1918 [5] ; guerre civile russe 1917-1922 [3] ; guerre de l'indépendance ukrainienne 1917-1921 [2] ; guerre d'indépendance turque 1919-1923 [3] ; Seconde Guerre mondiale 1939-1945 [10] ; German-Russian wars 1941-1945 [2] ; guerre froide 1945-1991 [26] ; guerres d'Indochine 1946-1989 [5] ; conflit du Cachemire 1947-1999 [2] ; guerre israélo-arabe de 1948 1947-1949 [2] ; troisième guerre d'Indochine 1975-1991 [2] ; guerre froide au Moyen-Orient 1975-1990 [3] ; guerre du Liban 1975-1990 [2] ; guerre d'Afghanistan 1978-1996 [3] ; Conflit par procuration Iran-Israë 1985-2000 [4] ; guerres de Yougoslavie 1991-2001 [2] ; guerre contre le terrorisme 2001-1996 [3] ; hiver islamiste 2012-2018 [3]
size 833088 countries 197 with data 147 wars 512 states 445 items 6513 sans fr 1944
United States/États-Unis:1195 France/France:1053 España/Espagne:645 Italia/Italie:645 United Kingdom/Royaume-Uni:613 Deutschland/Allemagne:401 Polska/Pologne:399 日本/Japon:397 Türkiye/Turquie:326 Україна/Ukraine:326 Россия/Russie:313 Ελλάδα/Grèce:285
大日本帝国 | empire du Japon ; 江戸幕府 | shogunat Tokugawa ; 江戸幕府 | shogunat Tokugawa ; 織田政権 | régime des Oda
events 49260 {"discovery":{"kept":1756,"total":1756,"minSl":8},"person":{"kept":10000,"total":13031,"minSl":49},"work":{"kept":9035,"total":9035,"minSl":18},"knowledge":{"kept":5329,"total":5329,"minSl":8},"building":{"kept":3333,"total":3333,"minSl":10},"treaty":{"kept":1710,"total":1710,"minSl":3},"disaster":{"kept":935,"total":935,"minSl":5},"exploration":{"kept":477,"total":477,"minSl":4},"society":{"kept":1189,"total":1189,"minSl":6},"movement":{"kept":98,"total":98,"minSl":8},"sport":{"kept":111,"total":111,"minSl":1},"subdivision":{"kept":1565,"total":1565,"minSl":2},"election":{"kept":4771,"total":4771,"minSl":5},"law":{"kept":1547,"total":1547,"minSl":4},"city":{"kept":1306,"total":1306,"minSl":15},"company":{"kept":4005,"total":4005,"minSl":15},"violence":{"kept":2093,"total":2093,"minSl":3}}
label calls 436
calls ok 417 labelled 50653
events 49260 {"discovery":{"kept":1756,"total":1756,"minSl":8},"person":{"kept":10000,"total":13031,"minSl":49},"work":{"kept":9035,"total":9035,"minSl":18},"knowledge":{"kept":5329,"total":5329,"minSl":8},"building":{"kept":3333,"total":3333,"minSl":10},"treaty":{"kept":1710,"total":1710,"minSl":3},"disaster":{"kept":935,"total":935,"minSl":5},"exploration":{"kept":477,"total":477,"minSl":4},"society":{"kept":1189,"total":1189,"minSl":6},"movement":{"kept":98,"total":98,"minSl":8},"sport":{"kept":111,"total":111,"minSl":1},"subdivision":{"kept":1565,"total":1565,"minSl":2},"election":{"kept":4771,"total":4771,"minSl":5},"law":{"kept":1547,"total":1547,"minSl":4},"city":{"kept":1306,"total":1306,"minSl":15},"company":{"kept":4005,"total":4005,"minSl":15},"violence":{"kept":2093,"total":2093,"minSl":3}}
label calls 19
calls ok 9 labelled 50951
missing 661
still 41
à résoudre 14535
changés 2313 sans pays 3437 {"discovery":423,"person":4,"work":1572,"knowledge":52,"building":2,"treaty":351,"disaster":81,"exploration":286,"society":149,"movement":35,"sport":18,"election":79,"law":323,"city":3,"company":23,"violence":36}
Q937 Q183
Q7199 Q142
Q5582 Q29999
Q1035 Q145
Q91 Q30
appels 71
ok 71
sans fr à vérifier 2339
vraiment sans fr 2339
avec mul 4785 sur 19448
events 49237 no label 23 no fr 3985 size 4284492
{
  discovery: [ 1756, 423, 147 ],
  person: [ 10000, 4, 4 ],
  work: [ 9035, 1572, 22 ],
  knowledge: [ 5329, 52, 716 ],
  building: [ 3333, 2, 550 ],
  treaty: [ 1698, 343, 402 ],
  disaster: [ 934, 81, 332 ],
  exploration: [ 477, 286, 33 ],
  society: [ 1189, 149, 248 ],
  movement: [ 98, 35, 4 ],
  sport: [ 111, 18, 1 ],
  subdivision: [ 1565, 0, 40 ],
  election: [ 4771, 79, 758 ],
  law: [ 1537, 314, 422 ],
  city: [ 1306, 3, 3 ],
  company: [ 4005, 23, 10 ],
  violence: [ 2093, 36, 293 ]
}
public/data: 19 files, 8.96 MB, read 2026-10-06
  history.json                   2545 kB
  events-person.json              729 kB  10000
  events-discovery.json           202 kB  1756
  events-work.json                716 kB  9035
  events-knowledge.json           546 kB  5329
  events-building.json            342 kB  3333
  events-treaty.json              233 kB  1698
  events-disaster.json            161 kB  934
  events-exploration.json         108 kB  477
  events-society.json             183 kB  1189
  events-movement.json             84 kB  98
  events-sport.json                89 kB  111
  events-subdivision.json         187 kB  1565
  events-election.json            625 kB  4771
  events-law.json                 217 kB  1537
  events-city.json                153 kB  1306
  events-company.json             335 kB  4005
  events-violence.json            271 kB  2093
  world-today.json               1231 kB
